[
  {
    "id": "123",
    "type": "cycling",
    "user_id": "2",
    "start_time": 1538637755000,
    "distance": 7000,
    "duration": 3404
  }
]
