[
  {
    "id": "123",
    "user_ids": [
      "1",
      "2"
    ],
    "created_at": 1538637755000
  },
  {
    "id": "123",
    "user_ids": [
      "1",
      "3"
    ],
    "created_at": 1538637755000
  }
]
