{
  "error": 400,
  "message": "invalid value for Integer(): \"invalid\""
}
