[
  {
    "id": "124",
    "type": "running",
    "user_id": "1",
    "start_time": 1538637755000,
    "distance": 7000,
    "duration": 3404
  }
]
